{
  "start": 1,
  "end": 50,
  "lines": [
    "type x struct {",
    "\tFoo int    `json:\"foo\"`",
    "\tbar string `json:\"bar\"`",
    "",
    "",
    "",
    "",
    "",
    "",
    "",
    "}",
    "",
    "",
    "",
    "",
    "",
    "fmt.Println(\"---\")",
    "fmt.Println(\"---\")",
    "fmt.Println(\"---\")",
    "fmt.Println(\"zeynep\")",
    "fmt.Println(\"alper\")",
    "fmt.Println(\"miray\")",
    "fmt.Println(\"---\")",
    "fmt.Println(\"---\")",
    "fmt.Println(\"---\")",
    "",
    "",
    "",
    "",
    "type b struct {",
    "\tFoo int    `json:\"foo\"`",
    "\tbar string `json:\"bar\"`",
    "",
    "}",
    "",
    "type b struct {",
    "",
    "",
    "",
    "",
    "",
    "",
    "",
    "",
    "",
    "",
    " Foo int `json:\"foo\"`",
    "\tbar string `json:\"bar\"`",
    "",
    "}"
  ]
}